искомое сопротивление 112.212578
среднеквадратичное отклонение 0.315711
среднее отклонение 0.000008
