cопротивление = 113.8964

среднеквадратичное отклонение = 0.2663

среднее отклонение = 0.000004
