сопротивление = 104.8825

среднеквадратичное отклонение = 0.2235

среднее отклонение = 4.76E–7
